**********************
Windows PowerShell transcript start
Start time: 20260930173039
Username: DESKTOP-CQG60VP\Kanish SP
RunAs User: DESKTOP-CQG60VP\Kanish SP
Configuration Name: 
Machine: DESKTOP-CQG60VP (Microsoft Windows NT 10.0.26200.0)
Host Application: C:\WINDOWS\System32\WindowsPowerShell\v1.0\powershell.exe -noexit -command try { . "c:\Users\Kanish SP\AppData\Local\Programs\Microsoft VS Code\7debcd0e2a\resources\app\out\vs\workbench\contrib\terminal\common\scripts\shellIntegration.ps1" } catch {}
Process ID: 4636
PSVersion: 5.1.26100.9444
PSEdition: Desktop
PSCompatibleVersions: 1.0, 2.0, 3.0, 4.0, 5.0, 5.1.26100.9444
BuildVersion: 10.0.26100.9444
CLRVersion: 4.0.30319.42000
WSManStackVersion: 3.0
PSRemotingProtocolVersion: 2.3
SerializationVersion: 1.1.0.1
**********************
Transcript started, output file is git_execution.log
PS C:\Users\Kanish SP\Downloads\DevOps_CI_24BCS119> git add .

PS C:\Users\Kanish SP\Downloads\DevOps_CI_24BCS119> git status

PS C:\Users\Kanish SP\Downloads\DevOps_CI_24BCS119> git commit -m "Initial commit - Alumni Database Management System"

PS C:\Users\Kanish SP\Downloads\DevOps_CI_24BCS119> git branch -M main

PS C:\Users\Kanish SP\Downloads\DevOps_CI_24BCS119> git branch

PS C:\Users\Kanish SP\Downloads\DevOps_CI_24BCS119> git log --oneline

PS C:\Users\Kanish SP\Downloads\DevOps_CI_24BCS119> Stop-Transcript
**********************
Windows PowerShell transcript end
End time: 20260930173251
**********************
